
=== Sat May 18 17:13:02 2019

Packages were changed.
Update Mode: updateDependencies

The following packages were added:
  com.unity.analytics@3.2.2
  com.unity.purchasing@2.0.1
  com.unity.ads@2.0.8
  com.unity.textmeshpro@1.3.0
  com.unity.package-manager-ui@2.1.1
  com.unity.collab-proxy@1.2.15
  com.unity.timeline@1.0.0
  com.unity.modules.ai@1.0.0
  com.unity.modules.animation@1.0.0
  com.unity.modules.assetbundle@1.0.0
  com.unity.modules.audio@1.0.0
  com.unity.modules.cloth@1.0.0
  com.unity.modules.director@1.0.0
  com.unity.modules.imageconversion@1.0.0
  com.unity.modules.imgui@1.0.0
  com.unity.modules.jsonserialize@1.0.0
  com.unity.modules.particlesystem@1.0.0
  com.unity.modules.physics@1.0.0
  com.unity.modules.physics2d@1.0.0
  com.unity.modules.screencapture@1.0.0
  com.unity.modules.terrain@1.0.0
  com.unity.modules.terrainphysics@1.0.0
  com.unity.modules.tilemap@1.0.0
  com.unity.modules.ui@1.0.0
  com.unity.modules.uielements@1.0.0
  com.unity.modules.umbra@1.0.0
  com.unity.modules.unityanalytics@1.0.0
  com.unity.modules.unitywebrequest@1.0.0
  com.unity.modules.unitywebrequestassetbundle@1.0.0
  com.unity.modules.unitywebrequestaudio@1.0.0
  com.unity.modules.unitywebrequesttexture@1.0.0
  com.unity.modules.unitywebrequestwww@1.0.0
  com.unity.modules.vehicles@1.0.0
  com.unity.modules.video@1.0.0
  com.unity.modules.vr@1.0.0
  com.unity.modules.wind@1.0.0
  com.unity.modules.xr@1.0.0
  com.unity.multiplayer-hlapi@0.2.5-preview
  com.unity.xr.legacyinputhelpers@1.0.0

=== Sun Jun 20 15:54:53 2021

Packages were changed.
Update Mode: updateDependencies

The following packages were added:
  com.unity.2d.sprite@1.0.0
  com.unity.2d.tilemap@1.0.0
  com.unity.ide.rider@2.0.7
  com.unity.ide.visualstudio@2.0.8
  com.unity.ide.vscode@1.2.3
The following packages were updated:
  com.unity.ads from version 2.0.8 to 3.7.1
  com.unity.analytics from version 3.2.2 to 3.5.3
  com.unity.burst from version 1.0.4 to 1.1.1
  com.unity.collab-proxy from version 1.2.15 to 1.5.7
  com.unity.mathematics from version 1.0.1 to 1.2.1
  com.unity.purchasing from version 2.0.1 to 3.1.0
  com.unity.textmeshpro from version 1.3.0 to 3.0.6
  com.unity.timeline from version 1.0.0 to 1.4.8
  com.unity.xr.legacyinputhelpers from version 1.0.0 to 2.1.7
The following packages were removed:
  com.unity.package-manager-ui@2.1.1

=== Sat Aug 21 12:06:13 2021

Packages were changed.
Update Mode: updateDependencies

The following packages were updated:
  com.unity.collab-proxy from version 1.5.7 to 1.7.1
  com.unity.purchasing from version 3.1.0 to 3.2.2

=== Sun Sep 12 22:39:55 2021

Packages were changed.
Update Mode: updateDependencies

The following packages were updated:
  com.unity.ads from version 3.7.1 to 3.7.5
  com.unity.analytics from version 3.5.3 to 3.6.11
  com.unity.collab-proxy from version 1.7.1 to 1.9.0
  com.unity.xr.legacyinputhelpers from version 2.1.7 to 2.1.8

=== Sun May 15 08:42:09 2022

Packages were changed.
Update Mode: updateDependencies

The following packages were updated:
  com.unity.analytics from version 3.6.11 to 3.6.12
  com.unity.burst from version 1.5.6 to 1.6.0
  com.unity.cinemachine from version 2.8.0 to 2.8.3
  com.unity.collab-proxy from version 1.9.0 to 1.15.7
  com.unity.ide.rider from version 2.0.7 to 3.0.9
  com.unity.ide.visualstudio from version 2.0.11 to 2.0.12
  com.unity.ide.vscode from version 1.2.3 to 1.2.4
  com.unity.inputsystem from version 1.1.1 to 1.2.0
  com.unity.mathematics from version 1.2.1 to 1.2.5
  com.unity.purchasing from version 3.2.2 to 4.1.2
  com.unity.timeline from version 1.4.8 to 1.6.3

=== Fri Jul 28 10:27:17 2023

Packages were changed.
Update Mode: updateDependencies

The following packages were added:
  com.unity.ai.navigation@1.1.4
The following packages were updated:
  com.unity.addressables from version 1.20.5 to 1.21.12
  com.unity.ads from version 4.1.0 to 4.4.2
  com.unity.analytics from version 3.7.1 to 3.8.1
  com.unity.burst from version 1.7.4 to 1.8.7
  com.unity.cinemachine from version 2.8.6 to 2.9.5
  com.unity.collab-proxy from version 1.17.1 to 2.0.5
  com.unity.ide.rider from version 3.0.15 to 3.0.24
  com.unity.ide.visualstudio from version 2.0.16 to 2.0.18
  com.unity.inputsystem from version 1.4.1 to 1.6.1
  com.unity.memoryprofiler from version 0.7.1-preview.1 to 1.0.0
  com.unity.probuilder from version 5.0.4 to 5.1.0
  com.unity.purchasing from version 4.1.5 to 4.9.3
  com.unity.render-pipelines.universal from version 13.1.8 to 14.0.8
  com.unity.scripting.python from version 4.0.0-pre.1 to 6.0.0
  com.unity.timeline from version 1.7.1 to 1.7.4
  com.unity.visualscripting from version 1.7.8 to 1.8.0
  com.unity.xr.legacyinputhelpers from version 2.1.9 to 2.1.10

=== Tue Oct 10 17:01:30 2023

Packages were changed.
Update Mode: updateDependencies

The following packages were updated:
  com.unity.addressables from version 1.21.14 to 1.21.17
  com.unity.burst from version 1.8.7 to 1.8.8
  com.unity.collab-proxy from version 2.0.5 to 2.0.7
  com.unity.inputsystem from version 1.6.1 to 1.7.0
  com.unity.probuilder from version 5.1.0 to 5.1.1
  com.unity.timeline from version 1.7.4 to 1.7.5
  com.unity.visualscripting from version 1.8.0 to 1.9.0

=== Wed Oct 25 12:38:34 2023

Packages were changed.
Update Mode: updateDependencies

The following packages were updated:
  com.unity.addressables from version 1.21.17 to 1.21.18
  com.unity.ai.navigation from version 1.1.4 to 1.1.5
  com.unity.burst from version 1.8.8 to 1.8.9
  com.unity.collab-proxy from version 2.0.7 to 2.2.0
  com.unity.ide.visualstudio from version 2.0.18 to 2.0.21
  com.unity.postprocessing from version 3.2.2 to 3.3.0
  com.unity.render-pipelines.universal from version 14.0.8 to 15.0.7
  com.unity.scripting.python from version 6.0.0 to 7.0.1
  com.unity.timeline from version 1.7.5 to 1.8.2

=== Thu May 16 13:01:58 2024

Packages were changed.
Update Mode: updateDependencies

The following packages were added:
  com.unity.modules.accessibility@1.0.0
The following packages were updated:
  com.unity.addressables from version 1.21.18 to 2.0.8
  com.unity.ai.navigation from version 1.1.5 to 2.0.0
  com.unity.burst from version 1.8.9 to 1.8.13
  com.unity.cinemachine from version 2.9.5 to 2.10.0
  com.unity.collab-proxy from version 2.2.0 to 2.3.1
  com.unity.ide.rider from version 3.0.26 to 3.0.28
  com.unity.ide.visualstudio from version 2.0.21 to 2.0.22
  com.unity.inputsystem from version 1.7.0 to 1.8.2
  com.unity.mathematics from version 1.2.6 to 1.3.1
  com.unity.memoryprofiler from version 1.0.0 to 1.1.0
  com.unity.postprocessing from version 3.3.0 to 3.4.0
  com.unity.probuilder from version 5.1.1 to 6.0.1
  com.unity.purchasing from version 4.9.3 to 4.11.0
  com.unity.render-pipelines.universal from version 15.0.7 to 17.0.3
  com.unity.visualscripting from version 1.9.0 to 1.9.4
The following packages were removed:
  com.unity.textmeshpro@3.0.6

=== Sun Jun 16 21:47:43 2024

Packages were changed.
Update Mode: updateDependencies

The following packages were updated:
  com.unity.addressables from version 2.0.8 to 2.1.0

=== Tue Jul  9 16:54:32 2024

Packages were changed.
Update Mode: updateDependencies

The following packages were updated:
  com.unity.collab-proxy from version 2.3.1 to 2.4.3
  com.unity.purchasing from version 4.11.0 to 4.12.0

=== Tue May 26 03:50:14 2026

Packages were changed.
Update Mode: updateDependencies

The following packages were added:
  com.unity.modules.adaptiveperformance@1.0.0
  com.unity.modules.vectorgraphics@1.0.0
  com.unity.multiplayer.center@1.0.1
The following packages were updated:
  com.unity.addressables from version 2.1.0 to 2.9.1
  com.unity.ads from version 4.4.2 to 4.16.4
  com.unity.ai.navigation from version 2.0.0 to 2.0.12
  com.unity.analytics from version 3.8.1 to 3.8.2
  com.unity.burst from version 1.8.16 to 1.8.29
  com.unity.collab-proxy from version 2.4.3 to 2.12.4
  com.unity.ide.rider from version 3.0.28 to 3.0.39
  com.unity.ide.visualstudio from version 2.0.22 to 2.0.26
  com.unity.inputsystem from version 1.8.2 to 1.19.0
  com.unity.mathematics from version 1.3.2 to 1.3.3
  com.unity.memoryprofiler from version 1.1.0 to 1.1.12
  com.unity.nuget.newtonsoft-json from version 3.2.1 to 3.2.2
  com.unity.postprocessing from version 3.4.0 to 3.5.4
  com.unity.probuilder from version 6.0.1 to 6.0.9
  com.unity.purchasing from version 4.12.0 to 4.15.0
  com.unity.render-pipelines.universal from version 17.0.3 to 17.3.0
  com.unity.sentis from version 1.5.0-pre.3 to 2.2.0
  com.unity.timeline from version 1.8.7 to 1.8.12
  com.unity.xr.legacyinputhelpers from version 2.1.10 to 2.1.13
